// Jest Snapshot v1, https://goo.gl/fbAQLP

exports[`matches snapshot 1`] = `
<div>
  <div
    className="MuiContainer-root MuiContainer-maxWidthLg css-qfxye4-MuiContainer-root"
  >
    <div
      className="MuiPaper-root MuiPaper-elevation MuiPaper-rounded MuiPaper-elevation1 MuiTableContainer-root css-11xur9t-MuiPaper-root-MuiTableContainer-root"
    >
      <table
        aria-label="simple table"
        className="MuiTable-root css-quj9j6-MuiTable-root"
        role={null}
      >
        <thead
          className="MuiTableHead-root css-15wwp11-MuiTableHead-root"
          role={null}
        >
          <tr
            className="MuiTableRow-root MuiTableRow-head css-1q1u3t4-MuiTableRow-root"
            role={null}
          >
            <th
              aria-sort={null}
              className="MuiTableCell-root MuiTableCell-head MuiTableCell-sizeMedium css-1badeqd-MuiTableCell-root"
              data-testid="columnname-1"
              scope="col"
            >
              Song Name
            </th>
            <th
              aria-sort={null}
              className="MuiTableCell-root MuiTableCell-head MuiTableCell-sizeMedium css-1badeqd-MuiTableCell-root"
              data-testid="columnname-2"
              scope="col"
            >
              Artist
            </th>
            <th
              aria-sort={null}
              className="MuiTableCell-root MuiTableCell-head MuiTableCell-sizeMedium css-1badeqd-MuiTableCell-root"
              data-testid="columnname-3"
              scope="col"
            >
              Genre
            </th>
            <th
              aria-sort={null}
              className="MuiTableCell-root MuiTableCell-head MuiTableCell-sizeMedium css-1badeqd-MuiTableCell-root"
              data-testid="columnname-4"
              scope="col"
            >
              Released
            </th>
            <th
              aria-sort={null}
              className="MuiTableCell-root MuiTableCell-head MuiTableCell-sizeMedium css-1badeqd-MuiTableCell-root"
              data-testid="columnname-5"
              scope="col"
            />
            <th
              aria-sort={null}
              className="MuiTableCell-root MuiTableCell-head MuiTableCell-sizeMedium css-1badeqd-MuiTableCell-root"
              data-testid="columnname-6"
              scope="col"
            />
          </tr>
        </thead>
        <tbody
          className="MuiTableBody-root css-apqrd9-MuiTableBody-root"
          role={null}
        />
      </table>
    </div>
  </div>
</div>
`;
